border_size=1
usage=map

Xv          , Xv          , Xv          , Xv          , Xv          , Xv          , Xv          , Xv          , Xv          , Xv          , Xv          , Xv          , Xv          , Xv          , Xv          , Xv          , Xv          , Xv          , Xv          , Xv          , Xv          , Xv          , Xv          , Xv          , Xv          , Xv          , Xv          , Xv          , Xv          
Xv          , Xv          , Xv          , Xv          , Xv          , Xv          , Xv          , Xv          , Xv          , Xv          , Xv          , Xv          , Xv          , Xv          , Xv          , Xv          , Xv          , Xv          , Xv          , Xv          , Xv          , Xv          , Xv          , Xv          , Xv          , Xv          , Xv          , Xv          , Xv          
Xv          , Xv          , Xv          , Xv          , Xv          , Xv          , Xv          , Xv          , Xv          , Xv          , Xv          , Xv          , Xv          , Xv          , Wwf         , Xv          , Xv          , Xv          , Xv          , Xv          , Xv          , Xv          , Xv          , Xv          , Xv          , Xv          , Xv          , Xv          , Xv          
Xv          , Xv          , Xv          , Xv          , Xv          , Xv          , Xv          , Xv          , Xv          , Xv          , Xv          , Xv          , Hh          , Re^Gvs      , Re^Gvs      , Wwf         , Ww          , Xv          , Xv          , Xv          , Xv          , Xv          , Xv          , Xv          , Xv          , Xv          , Xv          , Xv          , Xv          
Xv          , Xv          , Xv          , Xv          , Xv          , Xv          , Xv          , Xv          , Xv          , Xv          , Mm          , Hh          , Ss          , Ss          , Re^Gvs      , Hh          , Wo          , Ww          , Wwf         , Xv          , Xv          , Xv          , Xv          , Xv          , Xv          , Xv          , Xv          , Xv          , Xv          
Xv          , Xv          , Xv          , Xv          , Xv          , Xv          , Xv          , Xv          , Mm          , Mm^Xm       , Chs         , Hh          , Ss          , Ss^Fp       , Re^Gvs      , Wo          , Re^Gvs      , Re^Gvs      , Re^Gvs      , Wwf         , Wwf         , Xv          , Xv          , Xv          , Xv          , Xv          , Xv          , Xv          , Xv          
Xv          , Xv          , Xv          , Xv          , Xv          , Xv          , Gs^Fp       , Ss^Fp       , Hh          , Hh          , Ss          , Chs         , Re          , Re          , Rp          , Re^Gvs      , Rp          , Rp          , Rp          , Rp          , Rp          , Wwf         , Ww          , Xv          , Xv          , Xv          , Xv          , Xv          , Xv          
Xv          , Xv          , Xv          , Xv          , Ss          , Hh          , Re          , Ss^Fp       , Ss^Fp       , Ss          , Re^Vct      , Re^Fp       , Rp          , Rp          , Re          , Rp          , Re          , Re          , Re^Vct      , Re          , Re          , Rp          , Rp          , Wwf         , Wwf         , Xv          , Xv          , Xv          , Xv          
Xv          , Xv          , Hh          , Gs^Fp       , Re          , Re          , Re^Gvs      , Re          , Gs^Fp       , Ss          , Re          , Rp          , Re^Gvs      , Re          , Re^Gvs      , Re          , Re^Gvs      , Re^Gvs      , Re^Gvs      , Re^Gvs      , Re          , Re^Gvs      , Gs^Fp       , Chw         , Khw         , Ww          , Wo          , Xv          , Xv          
Mm^Xm       , Mm          , Gs^Fp       , Re          , Gs^Fp       , Gs^Fp       , Re^Gvs      , Re          , Chr         , Re          , Chr         , Khr         , Hh          , Re^Gvs      , Ss^Fp       , Re^Gvs      , Re^Gvs      , Re          , Re^Uf       , Re          , Re          , Re^Gvs      , Re^Gvs      , Chw         , Chw         , Ww          , Ww          , Wo          , Wo          
Mm^Xm       , Mm          , Re^Gvs      , Re^Vct      , Re^Gvs      , Re^Gvs      , Rp          , Khr         , Hh          , Chr         , Re          , Rp          , Rp          , Ss          , Ss          , Re^Gvs      , Re^Gvs      , Mm^Xm       , Mm          , Gs^Fp       , Wwf         , Wwf         , Wwf         , Ww          , Rp          , Wwf         , Wwf         , Ww          , Ww          
Gs^Fp       , Re^Gvs      , Re^Gvs      , Re          , Rp          , Rp          , Wwf         , Rp          , Mm^Xm       , Hh          , Re^Gvs      , Re          , Re          , Rp          , Rp          , Re          , Re          , Mm^Xm       , Mm^Xm       , Hh^Uf       , Wwf         , Re^Gvs      , Re^Gvs      , Re          , Re^Uf       , Rp          , Wwf         , Gs^Fp       , Rp          
Ss          , Re^Gvs      , Re^Gvs      , Re          , Rp          , Wwf         , Re^Gvs      , Wwf         , Wwf         , Re^Gvs      , Re^Gvs      , Re^Gvs      , Mm          , Re          , Re^Vct      , Rp          , Rp          , Hh          , Mm^Xm       , Hh          , Wwf         , Re^Gvs      , Hh          , Re          , Re^Gvs      , Re^Gvs      , Wwf         , Rp          , Hh          
Ss^Fp       , Gs^Fp       , Re^Gvs      , Chr         , 2 Khr       , Chr         , Re^Gvs      , Re^Gvs      , Re^Gvs      , Wwf         , Hh          , Hh^Uf       , Ss          , Re          , Wwf         , Wwf         , Wwf         , Chr         , Wwf         , Ww          , Ww          , Gs^Fp       , Re^Gvs      , Re          , Re          , Re^Gvs      , Wwf         , Wwf         , Wwf         
Hh          , Re^Gvs      , Re          , Re          , Rp          , Chr         , Re^Gvs      , Re^Uf       , Hh          , Wwf         , Gs^Fp       , Mm^Xm       , Wwf^Fp      , Wwf         , Ww          , Mm^Xm       , Rp          , Wwf         , Wwf         , Gs^Fp       , Wwf         , Re^Gvs      , Wwf         , Wwf         , Wwf         , Re          , Wwf         , Ww          , Ww          
Ss^Fp       , Re^Gvs      , Re          , Rp          , Re^Gvs      , Re^Gvs      , Wwf         , Gs^Fp       , Hh          , Wwf         , Wwf         , Mm^Xm       , Mm^Xm       , Wwf         , Wwf         , Rp          , Mm^Xm       , Ww          , Wwf         , Mm^Xm       , Wwf         , Wwf         , Mm          , Rp          , Wwf         , Re^Vct      , Re          , Wwf         , Ww          
Hh          , Hh          , Re^Vct      , Rp          , Re^Gvs      , Re          , Re          , Wwf         , Wwf         , Ss^Vhs      , Wwf         , Wwf         , Wwf         , Wwf         , Mm^Xm       , Wwf         , Wwf         , Wwf         , Gs^Fp       , Wwf         , Mm^Xm       , Rp          , Mm^Xm       , Gs^Fp       , Re^Gvs      , Rp          , Re^Gvs      , Ss^Fp       , Ss          
Ss^Fp       , Gs^Fp       , Re^Gvs      , Rp          , Re^Gvs      , Hh          , Chr         , Re          , Gs^Fp       , Wwf         , Rp^Uf       , Rp          , Wwf         , Chw         , Wwf         , Wo          , Wwf         , Rp          , Rp^Uf       , Chr         , Gs^Fp       , Rp          , Chr         , Rp          , Re^Gvs      , Rp          , Re^Gvs      , Hh          , Ss^Fp       
Ss          , Hh          , Re^Gvs      , Rp          , Re^Gvs      , Rp          , Mm^Xm       , Rp          , Mm^Xm       , Chr         , Gs^Fp       , Rp          , Wwf         , Wo          , Mm^Xm       , Chw         , Wwf         , Rp          , Wwf         , Wwf         , Wwf         , Re          , Re          , Hh          , Re^Gvs      , Rp          , Re^Vct      , Gs^Fp       , Hh          
Ww          , Ss^Fp       , Re          , Rp          , Wwf         , Gs^Fp       , Mm          , Rp          , Wwf         , Wwf         , Wwf         , Wwf         , Mm^Xm       , Wwf         , Wwf         , Wwf         , Mm^Xm       , Wwf         , Wwf         , Ss^Vhs      , Hh          , Wwf         , Wwf         , Re          , Re^Gvs      , Rp          , Re          , Hh          , Ss^Fp       
Ww          , Wwf         , Wwf         , Re^Vct      , Wwf         , Rp          , Wwf         , Wwf         , Wwf         , Mm^Xm       , Wwf         , Ww          , Rp          , Rp          , Ww          , Wwf         , Wwf^Fp      , Mm^Xm       , Gs^Fp       , Wwf         , Hh          , Gs^Fp       , Re^Gvs      , Re^Gvs      , Rp          , Rp          , Re          , Re^Gvs      , Hh          
Wwf         , Ww          , Wwf         , Re          , Re          , Wwf         , Re^Gvs      , Re^Gvs      , Ww          , Gs^Fp       , Wwf         , Wwf         , Wwf         , Mm^Xm       , Wwf         , Wwf         , Ss          , Mm^Xm       , Hh          , Wwf         , Re^Gvs      , Re^Uf       , Re^Gvs      , Chr         , 1 Khr       , Re          , Re^Gvs      , Re^Gvs      , Ss^Fp       
Hh          , Wwf         , Wwf         , Re^Gvs      , Re^Gvs      , Re          , Hh          , Gs^Fp       , Wwf         , Ww          , Mm^Xm       , Chr         , Rp          , Wwf         , Re^Vct      , Re          , Mm          , Hh^Uf       , Re^Gvs      , Wwf         , Wwf         , Re^Gvs      , Re^Gvs      , Chr         , Rp          , Chr         , Re^Gvs      , Gs^Fp       , Ss          
Rp          , Rp          , Wwf         , Re^Gvs      , Re^Uf       , Re          , Re^Gvs      , Re^Gvs      , Wwf         , Hh          , Mm^Xm       , Hh          , Re          , Rp          , Rp          , Re          , Re          , Re^Gvs      , Re^Gvs      , Re^Gvs      , Mm^Xm       , Wwf         , Wwf         , Wwf         , Rp          , Re          , Re^Gvs      , Re^Gvs      , Gs^Fp       
Ww          , Gs^Fp       , Wwf         , Rp          , Rp          , Re          , Wwf         , Re^Gvs      , Wwf         , Hh^Uf       , Mm          , Mm^Xm       , Re^Gvs      , Re          , Ss          , Rp          , Rp          , Re          , Re          , Hh          , Hh          , Rp          , Rp          , Rp          , Re^Gvs      , Re          , Re^Gvs      , Re^Gvs      , Mm^Xm       
Wo          , Ww          , Ww          , Wwf         , Chw         , Ww          , Re^Gvs      , Wwf         , Re          , Gs^Fp       , Re^Uf       , Mm^Xm       , Re^Gvs      , Re^Gvs      , Ss^Fp       , Ss          , Hh          , Rp          , Chr         , Chr         , Chr         , Khr         , Re^Gvs      , Re^Gvs      , Gs^Fp       , Re^Vct      , Gs^Fp       , Mm          , Mm^Xm       
Xv          , Wo          , Wo          , Ww          , Khw         , Chw         , Gs^Fp       , Re^Gvs      , Re          , Re          , Re^Gvs      , Re          , Re^Gvs      , Re^Gvs      , Re^Gvs      , Re^Gvs      , Re^Gvs      , Khr         , Re          , Re          , Gs^Fp       , Re          , Re^Gvs      , Gs^Fp       , Re          , Re          , Hh          , Mm          , Xv          
Xv          , Xv          , Xv          , Ww          , Wwf         , Chw         , Rp          , Re^Gvs      , Re          , Re^Gvs      , Re^Vct      , Re^Gvs      , Re          , Re          , Re          , Re          , Rp          , Rp          , Re^Vct      , Ss          , Ss^Fp       , Re          , Re          , Re          , Ss          , Gs^Fp       , Xv          , Xv          , Xv          
Xv          , Xv          , Xv          , Xv          , Xv          , Wwf         , Ww          , Rp          , Rp          , Re          , Rp          , Re          , Rp          , Rp          , Rp          , Rp          , Re          , Re^Fp       , Ss          , Ss          , Hh          , Ss^Fp       , Gs^Fp       , Hh          , Xv          , Xv          , Xv          , Xv          , Xv          
Xv          , Xv          , Xv          , Xv          , Xv          , Xv          , Xv          , Wwf         , Wwf         , Rp          , Re^Gvs      , Rp          , Re^Gvs      , Re^Gvs      , Re^Gvs      , Re          , Ss          , Chs         , Chs         , Hh          , Mm          , Ss^Fp       , Xv          , Xv          , Xv          , Xv          , Xv          , Xv          , Xv          
Xv          , Xv          , Xv          , Xv          , Xv          , Xv          , Xv          , Xv          , Xv          , Wwf         , Wwf         , Re^Gvs      , Wo          , Wo          , Re^Gvs      , Ss^Fp       , Ss          , Hh          , Mm          , Mm^Xm       , Xv          , Xv          , Xv          , Xv          , Xv          , Xv          , Xv          , Xv          , Xv          
Xv          , Xv          , Xv          , Xv          , Xv          , Xv          , Xv          , Xv          , Xv          , Xv          , Xv          , Ww          , Ww          , Hh          , Re^Gvs      , Ss          , Hh          , Hh          , Xv          , Xv          , Xv          , Xv          , Xv          , Xv          , Xv          , Xv          , Xv          , Xv          , Xv          
Xv          , Xv          , Xv          , Xv          , Xv          , Xv          , Xv          , Xv          , Xv          , Xv          , Xv          , Xv          , Xv          , Wwf         , Wwf         , Re^Gvs      , Xv          , Xv          , Xv          , Xv          , Xv          , Xv          , Xv          , Xv          , Xv          , Xv          , Xv          , Xv          , Xv          
Xv          , Xv          , Xv          , Xv          , Xv          , Xv          , Xv          , Xv          , Xv          , Xv          , Xv          , Xv          , Xv          , Xv          , Xv          , Xv          , Xv          , Xv          , Xv          , Xv          , Xv          , Xv          , Xv          , Xv          , Xv          , Xv          , Xv          , Xv          , Xv          
Xv          , Xv          , Xv          , Xv          , Xv          , Xv          , Xv          , Xv          , Xv          , Xv          , Xv          , Xv          , Xv          , Xv          , Xv          , Xv          , Xv          , Xv          , Xv          , Xv          , Xv          , Xv          , Xv          , Xv          , Xv          , Xv          , Xv          , Xv          , Xv          
